// Jest Snapshot v1, https://goo.gl/fbAQLP

exports[`NavBar renders a snapshot properly 1`] = `
<header>
  <nav
    className="navbar is-mobile is-spaced is-clearfix is-light"
    id="navbar"
  >
    <div
      className="navbar-brand"
    >
      <div
        className="navbar-item"
        id="brand"
      >
        <strong>
          <a
            className="link"
            href="/"
            onClick={[Function]}
          >
            Logo
          </a>
        </strong>
      </div>
      <div
        className="navbar-burger nav-toggle"
        id="burger"
        onClick={[Function]}
      >
        <span />
        <span />
        <span />
      </div>
    </div>
    <div
      className="navbar-menu"
    >
      <div
        className="navbar-start"
      >
        <div
          className="navbar-item is-hoverable"
          onClick={[Function]}
        >
          <a
            className="link"
            href="/"
            onClick={[Function]}
          >
            Home
          </a>
        </div>
        <div
          className="navbar-item is-hoverable"
          onClick={[Function]}
        >
          <a
            className="link"
            href="/overview"
            onClick={[Function]}
          >
            Overview
          </a>
        </div>
        <div
          className="navbar-item is-hoverable"
          onClick={[Function]}
        >
          <a
            className="link"
            href="/questions-and-answers"
            onClick={[Function]}
          >
            Q & A
          </a>
        </div>
        <div
          className="navbar-item is-hoverable"
          onClick={[Function]}
        >
          <a
            className="link"
            href="/ratings-and-reviews"
            onClick={[Function]}
          >
            Ratings and Reviews
          </a>
        </div>
      </div>
      <div
        className="navbar-end"
      >
        <div
          className="field"
          style={
            Object {
              "paddingLeft": "5%",
              "paddingRight": "5%",
            }
          }
        >
          <p
            className="control"
          >
            <input
              className="input is-rounded"
              id="searchbar"
              name="search"
              onChange={[Function]}
              placeholder="Search"
              type="text"
            />
          </p>
        </div>
      </div>
    </div>
  </nav>
</header>
`;
